// Jest Snapshot v1, https://goo.gl/fbAQLP

exports[`Home page snapshot test testing homepage 1`] = `
Array [
  <div
    className="makeStyles-root-3"
  >
    <header
      className="MuiPaper-root MuiPaper-elevation4 MuiAppBar-root MuiAppBar-positionSticky MuiAppBar-colorPrimary"
    >
      <div
        className="MuiToolbar-root MuiToolbar-regular MuiToolbar-gutters"
      >
        <button
          aria-label="Menu"
          className="MuiButtonBase-root MuiIconButton-root makeStyles-menuButton-4 MuiIconButton-colorInherit MuiIconButton-edgeStart"
          disabled={false}
          onBlur={[Function]}
          onDragLeave={[Function]}
          onFocus={[Function]}
          onKeyDown={[Function]}
          onKeyUp={[Function]}
          onMouseDown={[Function]}
          onMouseLeave={[Function]}
          onMouseUp={[Function]}
          onTouchEnd={[Function]}
          onTouchMove={[Function]}
          onTouchStart={[Function]}
          tabIndex={0}
          type="button"
        >
          <span
            className="MuiIconButton-label"
          >
            <svg
              aria-hidden="true"
              className="MuiSvgIcon-root"
              focusable="false"
              role="presentation"
              viewBox="0 0 24 24"
            >
              <path
                d="M3 18h18v-2H3v2zm0-5h18v-2H3v2zm0-7v2h18V6H3z"
              />
            </svg>
          </span>
        </button>
        <h6
          className="MuiTypography-root makeStyles-title-5 MuiTypography-h6"
        >
          <i
            className="fas fa-hands-helping icon"
          />
          Disclosure Platform
        </h6>
        <button
          className="MuiButtonBase-root MuiButton-root MuiButton-text MuiButton-colorInherit"
          disabled={false}
          onBlur={[Function]}
          onDragLeave={[Function]}
          onFocus={[Function]}
          onKeyDown={[Function]}
          onKeyUp={[Function]}
          onMouseDown={[Function]}
          onMouseLeave={[Function]}
          onMouseUp={[Function]}
          onTouchEnd={[Function]}
          onTouchMove={[Function]}
          onTouchStart={[Function]}
          tabIndex={0}
          type="button"
        >
          <span
            className="MuiButton-label"
          >
            About Us
          </span>
        </button>
        <button
          className="MuiButtonBase-root MuiButton-root MuiButton-text MuiButton-colorInherit"
          disabled={false}
          onBlur={[Function]}
          onDragLeave={[Function]}
          onFocus={[Function]}
          onKeyDown={[Function]}
          onKeyUp={[Function]}
          onMouseDown={[Function]}
          onMouseLeave={[Function]}
          onMouseUp={[Function]}
          onTouchEnd={[Function]}
          onTouchMove={[Function]}
          onTouchStart={[Function]}
          tabIndex={0}
          type="button"
        >
          <span
            className="MuiButton-label"
          >
            Your Rights
          </span>
        </button>
        <button
          className="MuiButtonBase-root MuiButton-root MuiButton-text MuiButton-colorInherit"
          disabled={false}
          onBlur={[Function]}
          onDragLeave={[Function]}
          onFocus={[Function]}
          onKeyDown={[Function]}
          onKeyUp={[Function]}
          onMouseDown={[Function]}
          onMouseLeave={[Function]}
          onMouseUp={[Function]}
          onTouchEnd={[Function]}
          onTouchMove={[Function]}
          onTouchStart={[Function]}
          tabIndex={0}
          type="button"
        >
          <span
            className="MuiButton-label"
          >
            FAQ
          </span>
        </button>
        <button
          className="MuiButtonBase-root MuiButton-root MuiButton-text MuiButton-colorInherit"
          disabled={false}
          onBlur={[Function]}
          onDragLeave={[Function]}
          onFocus={[Function]}
          onKeyDown={[Function]}
          onKeyUp={[Function]}
          onMouseDown={[Function]}
          onMouseLeave={[Function]}
          onMouseUp={[Function]}
          onTouchEnd={[Function]}
          onTouchMove={[Function]}
          onTouchStart={[Function]}
          tabIndex={0}
          type="button"
        >
          <span
            className="MuiButton-label"
          >
            Contact
          </span>
        </button>
      </div>
    </header>
  </div>,
  <div
    className="home-container"
  >
    <div
      className="MuiPaper-root MuiPaper-elevation1 home-dialog MuiPaper-rounded"
    >
      <div
        className="left"
      >
        <button
          className="MuiButtonBase-root MuiButton-root button MuiButton-text"
          disabled={false}
          onBlur={[Function]}
          onClick={[Function]}
          onDragLeave={[Function]}
          onFocus={[Function]}
          onKeyDown={[Function]}
          onKeyUp={[Function]}
          onMouseDown={[Function]}
          onMouseLeave={[Function]}
          onMouseUp={[Function]}
          onTouchEnd={[Function]}
          onTouchMove={[Function]}
          onTouchStart={[Function]}
          tabIndex={0}
          type="button"
        >
          <span
            className="MuiButton-label"
          >
            Lodge New Claim
          </span>
        </button>
        <img
          alt="logo"
          className="image1"
          src={
            Object {
              "ReactComponent": Object {
                "$$typeof": Symbol(react.forward_ref),
                "render": [Function],
              },
              "__esModule": true,
              "default": "new-claim.svg",
            }
          }
        />
      </div>
      <div
        className="right"
      >
        <button
          className="MuiButtonBase-root MuiButton-root button MuiButton-text"
          disabled={false}
          onBlur={[Function]}
          onClick={[Function]}
          onDragLeave={[Function]}
          onFocus={[Function]}
          onKeyDown={[Function]}
          onKeyUp={[Function]}
          onMouseDown={[Function]}
          onMouseLeave={[Function]}
          onMouseUp={[Function]}
          onTouchEnd={[Function]}
          onTouchMove={[Function]}
          onTouchStart={[Function]}
          tabIndex={0}
          type="button"
        >
          <span
            className="MuiButton-label"
          >
            Login to Existing Claim
          </span>
        </button>
        <img
          alt="logo"
          className="image"
          src={
            Object {
              "ReactComponent": Object {
                "$$typeof": Symbol(react.forward_ref),
                "render": [Function],
              },
              "__esModule": true,
              "default": "view-claim.svg",
            }
          }
        />
      </div>
    </div>
  </div>,
]
`;
